
Started Import Process
# System Details: 
Debug Mode 		: Enabled
Operating System 	: Linux
Software 		: Apache/2.4.62 (Debian)
MySQL version 		: 8.4.5
XML Reader 		: Yes
PHP Version 		: 8.3.22
PHP Max Input Vars 	: 1000
PHP Max Post Size 	: 8M
PHP Extension GD 	: Yes
PHP Max Execution Time 	: 30
Max Upload Size 	: 2 МБ
Memory Limit 		: Current memory limit 40M. We recommend setting memory to at least 64M.
Timezone 		: Europe/Kiev

-----

Importing Started! - 19:45:35 UTC
---

WHY IMPORT PROCESS CAN FAIL? READ THIS - 
https://wpastra.com/docs/?p=1314&utm_source=demo-import-panel&utm_campaign=import-error&utm_medium=wp-dashboard

---

Started Import Process
# System Details: 
Debug Mode 		: Enabled
Operating System 	: Linux
Software 		: Apache/2.4.62 (Debian)
MySQL version 		: 8.4.5
XML Reader 		: Yes
PHP Version 		: 8.3.22
PHP Max Input Vars 	: 1000
PHP Max Post Size 	: 8M
PHP Extension GD 	: Yes
PHP Max Execution Time 	: 30
Max Upload Size 	: 2 МБ
Memory Limit 		: Current memory limit 40M. We recommend setting memory to at least 64M.
Timezone 		: Europe/Kiev

-----

Importing Started! - 19:47:27 UTC
---

WHY IMPORT PROCESS CAN FAIL? READ THIS - 
https://wpastra.com/docs/?p=1314&utm_source=demo-import-panel&utm_campaign=import-error&utm_medium=wp-dashboard

---

Flow ID 1760
Flow ID 1761
Flow ID 1762
Inserted WP Form 1763
Batch Process Started..
Starter Templates - Importing Images for Blog name 'openprofile' (1)
Started Import Process
# System Details: 
Debug Mode 		: Enabled
Operating System 	: Linux
Software 		: Apache/2.4.62 (Debian)
MySQL version 		: 8.4.5
XML Reader 		: Yes
PHP Version 		: 8.3.22
PHP Max Input Vars 	: 1000
PHP Max Post Size 	: 8M
PHP Extension GD 	: Yes
PHP Max Execution Time 	: 30
Max Upload Size 	: 2 МБ
Memory Limit 		: Current memory limit 40M. We recommend setting memory to at least 64M.
Timezone 		: Europe/Kiev

-----

Importing Started! - 19:57:00 UTC
---

WHY IMPORT PROCESS CAN FAIL? READ THIS - 
https://wpastra.com/docs/?p=1314&utm_source=demo-import-panel&utm_campaign=import-error&utm_medium=wp-dashboard

---

Flow ID 1797
Flow ID 1798
Flow ID 1799
Inserted WP Form 1800
Batch Process Started..
Starter Templates - Importing Images for Blog name 'openprofile' (1)